2026-10-03T17:01:12+00:00,peaks,waited_s=0,other_gpu_procs=[],util=0 %
2026-10-03T17:01:15+00:00,cg_cuda_n256,waited_s=0,other_gpu_procs=[],util=4 %
2026-10-03T17:01:19+00:00,cg_acc_n256,waited_s=0,other_gpu_procs=[],util=0 %
2026-10-03T17:01:20+00:00,cg_cuda_n512,waited_s=0,other_gpu_procs=[],util=22 %
2026-10-03T17:01:25+00:00,cg_acc_n512,waited_s=0,other_gpu_procs=[],util=0 %
2026-10-03T17:01:26+00:00,cg_cuda_n1024,waited_s=0,other_gpu_procs=[],util=3 %
2026-10-03T17:01:38+00:00,cg_acc_n1024,waited_s=0,other_gpu_procs=[],util=0 %
2026-10-03T17:01:39+00:00,cg_cuda_n2048,waited_s=0,other_gpu_procs=[],util=30 %
2026-10-03T17:02:11+00:00,cg_acc_n2048,waited_s=0,other_gpu_procs=[],util=0 %
2026-10-03T17:02:11+00:00,cg_cuda_n4096,waited_s=0,other_gpu_procs=[],util=3 %
2026-10-03T17:03:27+00:00,cg_acc_n4096,waited_s=0,other_gpu_procs=[],util=0 %
2026-10-03T17:03:28+00:00,cg_tol,waited_s=0,other_gpu_procs=[],util=0 %
2026-10-03T17:04:40+00:00,jacobi_n1024,waited_s=0,other_gpu_procs=[],util=36 %
2026-10-03T17:04:40+00:00,jacobi_n2048,waited_s=0,other_gpu_procs=[],util=4 %
2026-10-03T17:04:42+00:00,jacobi_n4096,waited_s=0,other_gpu_procs=[],util=22 %
2026-10-03T17:04:46+00:00,jacobi_n8192,waited_s=0,other_gpu_procs=[],util=4 %
2026-10-03T17:05:07+00:00,ncu_spmv_csr_scalar,waited_s=0,other_gpu_procs=[],util=0 %
2026-10-03T17:05:14+00:00,ncu_spmv_csr_vector32,waited_s=0,other_gpu_procs=[],util=0 %
2026-10-03T17:05:26+00:00,ncu_spmv_csr_vector4,waited_s=0,other_gpu_procs=[],util=0 %
2026-10-03T17:05:34+00:00,ncu_spmv_stencil,waited_s=0,other_gpu_procs=[],util=0 %
2026-10-03T17:05:40+00:00,ncu_dot_finalize,waited_s=0,other_gpu_procs=[],util=0 %
2026-10-03T17:05:47+00:00,ncu_fused_p_spmv_dot,waited_s=0,other_gpu_procs=[],util=0 %
2026-10-03T17:05:53+00:00,ncu_fused_rows_p_spmv_dot,waited_s=0,other_gpu_procs=[],util=0 %
2026-10-03T17:06:00+00:00,ncu_fused_xr_dot,waited_s=0,other_gpu_procs=[],util=0 %
2026-10-03T17:06:07+00:00,ncu_cusparse_spmv,waited_s=0,other_gpu_procs=[],util=0 %
2026-10-03T17:06:14+00:00,nsys_cusparse,waited_s=0,other_gpu_procs=[],util=0 %
